<html>
<body>
<pre>
<h1>µVision Build Log</h1>
<h2>Tool Versions:</h2>
IDE-Version: ¦ÌVision V5.15
Copyright (C) 2015 ARM Ltd and ARM Germany GmbH. All rights reserved.
License Information:  ,  , LIC=4ZLLQ-NW3NQ-QG47I-THGJ8-K8DH6-QZFQB
 
Tool Versions:
Toolchain:       MDK-ARM Professional  Version: 5.15.0
Toolchain Path:  C:\Keil_v5\ARM\ARMCC\Bin
C Compiler:      Armcc.exe V5.05 update 2 (build 169)
Assembler:       Armasm.exe V5.05 update 2 (build 169)
Linker/Locator:  ArmLink.exe V5.05 update 2 (build 169)
Library Manager: ArmAr.exe V5.05 update 2 (build 169)
Hex Converter:   FromElf.exe V5.05 update 2 (build 169)
CPU DLL:         SARMCM3.DLL V5.15.0
Dialog DLL:      DCM.DLL V1.13.2.0
Target DLL:      STLink\ST-LINKIII-KEIL_SWO.dll V2.0.15.0_KEIL
Dialog DLL:      TCM.DLL V1.14.5.0
 
<h2>Project:</h2>
E:\myCODE\GitHub\HAL_Robot\HAL_Robot\MDK-ARM\HAL_Robot.uvprojx
Project File Date:  05/13/2018

<h2>Output:</h2>
*** Using Compiler 'V5.05 update 2 (build 169)', folder: 'C:\Keil_v5\ARM\ARMCC\Bin'
Build target 'HAL_Robot'
compiling stm32f4xx_it.c...
compiling usart.c...
../Src/usart.c(341): warning:  #177-D: variable "CheckSum_3" was declared but never referenced
        uint8_t  CheckSum_3 = 0;
../Src/usart.c: 1 warning, 0 errors
compiling main.c...
compiling control.c...
compiling get_info.c...
..\Src\get_info.c(161): warning:  #940-D: missing return statement at end of non-void function "GetVisionData"
  }
..\Src\get_info.c: 1 warning, 0 errors
compiling find_ball.c...
compiling lcd.c...
compiling mpu6050.c...
compiling interrupt_callback.c...
linking...
Program Size: Code=18556 RO-data=740 RW-data=64 ZI-data=2272  
"HAL_Robot\HAL_Robot.axf" - 0 Error(s), 2 Warning(s).

<h2>Software Packages used:</h2>

Package Vendor: ARM
                http://www.keil.com/pack/ARM.CMSIS.4.3.0.pack
                ARM::CMSIS:CORE:4.1.0
                CMSIS (Cortex Microcontroller Software Interface Standard)
   * Component: CORE Version: 4.1.0

<h2>Collection of Component include folders:</h2>
  E:\myCODE\GitHub\HAL_Robot\HAL_Robot\MDK-ARM\RTE
  C:\Keil_v5\ARM\PACK\ARM\CMSIS\4.3.0\CMSIS\Include
  C:\Keil_v5\ARM\PACK\Keil\STM32F4xx_DFP\2.5.0\Drivers\CMSIS\Device\ST\STM32F4xx\Include

<h2>Collection of Component Files used:</h2>

   * Component: ARM::CMSIS:CORE:4.1.0
</pre>
</body>
</html>
